// Jest Snapshot v1, https://goo.gl/fbAQLP

exports[`Products should get a list of products 1`] = `
Object {
  "allowed_packaging": "any",
  "eta": Object {
    "date_range": Any<Array>,
    "days_range": Any<Array>,
    "for_send_date": "2022-08-29",
  },
  "plan": "Sendle Easy",
  "price_breakdown": Object {
    "base": Object {
      "amount": 8.82,
      "currency": "AUD",
    },
    "base_tax": Object {
      "amount": 0.88,
      "currency": "AUD",
    },
    "cover": Object {
      "amount": 0,
      "currency": "AUD",
    },
    "cover_tax": Object {
      "amount": 0,
      "currency": "AUD",
    },
    "discount": Object {
      "amount": 0,
      "currency": "AUD",
    },
    "discount_tax": Object {
      "amount": 0,
      "currency": "AUD",
    },
    "fuel_surcharge": Object {
      "amount": 0,
      "currency": "AUD",
    },
    "fuel_surcharge_tax": Object {
      "amount": 0,
      "currency": "AUD",
    },
  },
  "product": Object {
    "code": "STANDARD-PICKUP",
    "first_mile_option": "pickup",
    "name": "Standard Pickup",
    "service": "standard",
  },
  "quote": Object {
    "gross": Object {
      "amount": 9.7,
      "currency": "AUD",
    },
    "net": Object {
      "amount": 8.82,
      "currency": "AUD",
    },
    "tax": Object {
      "amount": 0.88,
      "currency": "AUD",
    },
  },
  "route": Object {
    "description": "Sydney, Australia to Sydney, Australia",
    "type": "same-city",
  },
  "tax_breakdown": Object {
    "gst": Object {
      "amount": 0.88,
      "currency": "AUD",
      "rate": 0.1,
    },
  },
}
`;
